../Core/Src/main.c:77:10:count_cycles_state	16	static
../Core/Src/main.c:87:5:Read_DHT11	80	static,ignoring_inline_asm
../Core/Src/main.c:171:5:main	1040	static
../Core/Src/main.c:350:6:SystemClock_Config	88	static
../Core/Src/main.c:397:13:MX_ADC1_Init	24	static
../Core/Src/main.c:444:13:MX_ADC2_Init	24	static
../Core/Src/main.c:491:13:MX_I2C1_Init	8	static
../Core/Src/main.c:525:13:MX_USART1_UART_Init	8	static
../Core/Src/main.c:558:13:MX_GPIO_Init	40	static
../Core/Src/main.c:592:6:Error_Handler	4	static,ignoring_inline_asm
